// Jest Snapshot v1, https://goo.gl/fbAQLP

exports[`Home renders correctly 1`] = `
<div
  className="home--container"
>
  <div
    className="carousel"
  >
    <div
      className="carousel--container"
    >
      <div
        className="carousel-root"
      >
        <div
          className="carousel carousel-slider"
          style={
            Object {
              "width": "100%",
            }
          }
        >
          <ul
            className="control-dots"
          >
            <li
              aria-label="slide item 1"
              className="dot selected"
              onClick={[Function]}
              onKeyDown={[Function]}
              role="button"
              tabIndex={0}
              value={0}
            />
            <li
              aria-label="slide item 2"
              className="dot"
              onClick={[Function]}
              onKeyDown={[Function]}
              role="button"
              tabIndex={0}
              value={1}
            />
            <li
              aria-label="slide item 3"
              className="dot"
              onClick={[Function]}
              onKeyDown={[Function]}
              role="button"
              tabIndex={0}
              value={2}
            />
          </ul>
          <button
            aria-label="previous slide / item"
            className="control-arrow control-prev"
            onClick={[Function]}
            type="button"
          />
          <div
            className="slider-wrapper axis-horizontal"
            style={Object {}}
          >
            <ul
              className="slider animated"
              onMouseDown={[Function]}
              onTouchEnd={[Function]}
              onTouchStart={[Function]}
              style={
                Object {
                  "MozTransitionDuration": "1000ms",
                  "OTransform": "translate3d(-100%,0,0)",
                  "OTransitionDuration": "1000ms",
                  "WebkitTransform": "translate3d(-100%,0,0)",
                  "WebkitTransitionDuration": "1000ms",
                  "msTransform": "translate3d(-100%,0,0)",
                  "msTransitionDuration": "1000ms",
                  "transform": "translate3d(-100%,0,0)",
                  "transitionDuration": "1000ms",
                }
              }
            >
              <li
                className="slide"
                onClick={[Function]}
                style={Object {}}
              >
                <div>
                  <img
                    alt=""
                    src="Tool3.png"
                  />
                </div>
              </li>
              <li
                className="slide selected previous"
                onClick={[Function]}
                style={Object {}}
              >
                <div>
                  <img
                    alt=""
                    src="Tool2.jpg"
                  />
                </div>
              </li>
              <li
                className="slide"
                onClick={[Function]}
                style={Object {}}
              >
                <div>
                  <img
                    alt=""
                    src="Tool1.png"
                  />
                </div>
              </li>
              <li
                className="slide"
                onClick={[Function]}
                style={Object {}}
              >
                <div>
                  <img
                    alt=""
                    src="Tool3.png"
                  />
                </div>
              </li>
              <li
                className="slide selected previous"
                onClick={[Function]}
                style={Object {}}
              >
                <div>
                  <img
                    alt=""
                    src="Tool2.jpg"
                  />
                </div>
              </li>
            </ul>
          </div>
          <button
            aria-label="next slide / item"
            className="control-arrow control-next"
            onClick={[Function]}
            type="button"
          />
          <p
            className="carousel-status"
          >
            1 of 3
          </p>
        </div>
        <div
          className="carousel"
        >
          <div
            className="thumbs-wrapper axis-vertical"
          >
            <button
              aria-label="previous slide / item"
              className="control-arrow control-prev control-disabled"
              onClick={[Function]}
              type="button"
            />
            <ul
              className="thumbs animated"
              onMouseDown={[Function]}
              onTouchEnd={[Function]}
              onTouchStart={[Function]}
              style={
                Object {
                  "MozTransform": "translate3d(0,0,0)",
                  "MozTransitionDuration": "1000ms",
                  "MsTransform": "translate3d(0,0,0)",
                  "MsTransitionDuration": "1000ms",
                  "OTransform": "translate3d(0,0,0)",
                  "OTransitionDuration": "1000ms",
                  "WebkitTransform": "translate3d(0,0,0)",
                  "WebkitTransitionDuration": "1000ms",
                  "msTransform": "translate3d(0,0,0)",
                  "msTransitionDuration": "1000ms",
                  "transform": "translate3d(0,0,0)",
                  "transitionDuration": "1000ms",
                }
              }
            >
              <li
                aria-label="slide item 1"
                className="thumb selected"
                onClick={[Function]}
                onKeyDown={[Function]}
                role="button"
                style={
                  Object {
                    "width": 80,
                  }
                }
                tabIndex={0}
              >
                <img
                  alt=""
                  src="Tool2.jpg"
                />
              </li>
              <li
                aria-label="slide item 2"
                className="thumb"
                onClick={[Function]}
                onKeyDown={[Function]}
                role="button"
                style={
                  Object {
                    "width": 80,
                  }
                }
                tabIndex={0}
              >
                <img
                  alt=""
                  src="Tool1.png"
                />
              </li>
              <li
                aria-label="slide item 3"
                className="thumb"
                onClick={[Function]}
                onKeyDown={[Function]}
                role="button"
                style={
                  Object {
                    "width": 80,
                  }
                }
                tabIndex={0}
              >
                <img
                  alt=""
                  src="Tool3.png"
                />
              </li>
            </ul>
            <button
              aria-label="next slide / item"
              className="control-arrow control-next control-disabled"
              onClick={[Function]}
              type="button"
            />
          </div>
        </div>
      </div>
    </div>
  </div>
  <div
    className="search-container"
  >
    <div
      className="input-group"
    >
      <input
        className="form-control"
        onChange={[Function]}
        placeholder="Search for a tool"
        type="text"
        value=""
      />
      <div
        className="button-container"
      >
        <button
          className="home--button"
          onClick={[Function]}
          type="button"
        >
          Search
        </button>
        <button
          className="home--button"
          onClick={[Function]}
          type="button"
        >
          Reset
        </button>
      </div>
    </div>
    <div
      className="search--results"
    >
      <div
        className="search--results--container"
      >
        <div
          className="search--results--card"
        >
          <div
            className="tool--card--img--container"
          >
            <img
              alt="Depictor"
              className="tool--card--img"
              src="Tool3.png"
            />
          </div>
          <div
            className="search-results-content"
          >
            <h3>
              Depictor
            </h3>
            <p>
              A tool for creating diagrams and flowcharts
            </p>
            <p>
              https://depictor.app/
            </p>
            <p>
              Design
            </p>
          </div>
        </div>
      </div>
      <div
        className="search--results--container"
      >
        <div
          className="search--results--card"
        >
          <div
            className="tool--card--img--container"
          >
            <img
              alt="Translate"
              className="tool--card--img"
              src="Tool3.png"
            />
          </div>
          <div
            className="search-results-content"
          >
            <h3>
              Translate
            </h3>
            <p>
              A tool for translating text
            </p>
            <p>
              https://translate.google.com/
            </p>
            <p>
              Design
            </p>
          </div>
        </div>
      </div>
      <div
        className="search--results--container"
      >
        <div
          className="search--results--card"
        >
          <div
            className="tool--card--img--container"
          >
            <img
              alt="QSML"
              className="tool--card--img"
              src="Tool3.png"
            />
          </div>
          <div
            className="search-results-content"
          >
            <h3>
              QSML
            </h3>
            <p>
              A tool for creating and editing QSML files
            </p>
            <p>
              https://qsml.app/
            </p>
            <p>
              Design
            </p>
          </div>
        </div>
      </div>
      <div
        className="search--results--container"
      >
        <div
          className="search--results--card"
        >
          <div
            className="tool--card--img--container"
          >
            <img
              alt="TinkerCell"
              className="tool--card--img"
              src="Tool3.png"
            />
          </div>
          <div
            className="search-results-content"
          >
            <h3>
              TinkerCell
            </h3>
            <p>
              A tool for creating and editing TinkerCell files
            </p>
            <p>
              https://tinkercell.com/
            </p>
            <p>
              Design
            </p>
          </div>
        </div>
      </div>
      <div
        className="search--results--container"
      >
        <div
          className="search--results--card"
        >
          <div
            className="tool--card--img--container"
          >
            <img
              alt="Minefield"
              className="tool--card--img"
              src="Tool3.png"
            />
          </div>
          <div
            className="search-results-content"
          >
            <h3>
              Minefield
            </h3>
            <p>
              A tool for creating and editing Minefield files
            </p>
            <p>
              https://minefield.app/
            </p>
            <p>
              Design
            </p>
          </div>
        </div>
      </div>
      <div
        className="search--results--container"
      >
        <div
          className="search--results--card"
        >
          <div
            className="tool--card--img--container"
          >
            <img
              alt="BioModels Database"
              className="tool--card--img"
              src="Tool3.png"
            />
          </div>
          <div
            className="search-results-content"
          >
            <h3>
              BioModels Database
            </h3>
            <p>
              A tool for creating and editing BioModels Database files
            </p>
            <p>
              https://www.ebi.ac.uk/biomodels/
            </p>
            <p>
              Design
            </p>
          </div>
        </div>
      </div>
      <div
        className="search--results--container"
      >
        <div
          className="search--results--card"
        >
          <div
            className="tool--card--img--container"
          >
            <img
              alt="Close to me"
              className="tool--card--img"
              src="Tool3.png"
            />
          </div>
          <div
            className="search-results-content"
          >
            <h3>
              Close to me
            </h3>
            <p>
              A tool for creating and editing Close to me files
            </p>
            <p>
              https://www.closetome.app/
            </p>
            <p>
              Design
            </p>
          </div>
        </div>
      </div>
      <div
        className="search--results--container"
      >
        <div
          className="search--results--card"
        >
          <div
            className="tool--card--img--container"
          >
            <img
              alt="MultiSearch"
              className="tool--card--img"
              src="Tool3.png"
            />
          </div>
          <div
            className="search-results-content"
          >
            <h3>
              MultiSearch
            </h3>
            <p>
              A tool for creating and editing MultiSearch files
            </p>
            <p>
              https://multisearch.app/
            </p>
            <p>
              Design
            </p>
          </div>
        </div>
      </div>
      <div
        className="search--results--container"
      >
        <div
          className="search--results--card"
        >
          <div
            className="tool--card--img--container"
          >
            <img
              alt="Visualize"
              className="tool--card--img"
              src="Tool3.png"
            />
          </div>
          <div
            className="search-results-content"
          >
            <h3>
              Visualize
            </h3>
            <p>
              A tool for creating and editing Visualize files
            </p>
            <p>
              https://visualize.app/
            </p>
            <p>
              Design
            </p>
          </div>
        </div>
      </div>
      <div
        className="search--results--container"
      >
        <div
          className="search--results--card"
        >
          <div
            className="tool--card--img--container"
          >
            <img
              alt="BioSimulators"
              className="tool--card--img"
              src="Tool3.png"
            />
          </div>
          <div
            className="search-results-content"
          >
            <h3>
              BioSimulators
            </h3>
            <p>
              A tool for creating and editing BioSimulators files
            </p>
            <p>
              https://biosimulators.org/
            </p>
            <p>
              Design
            </p>
          </div>
        </div>
      </div>
      <div
        className="search--results--container"
      >
        <div
          className="search--results--card"
        >
          <div
            className="tool--card--img--container"
          >
            <img
              alt="Wikidata Skim"
              className="tool--card--img"
              src="Tool3.png"
            />
          </div>
          <div
            className="search-results-content"
          >
            <h3>
              Wikidata Skim
            </h3>
            <p>
              A tool for creating and editing Wikidata Skim files
            </p>
            <p>
              https://skim.wmflabs.org/
            </p>
            <p>
              Design
            </p>
          </div>
        </div>
      </div>
      <div
        className="search--results--container"
      >
        <div
          className="search--results--card"
        >
          <div
            className="tool--card--img--container"
          >
            <img
              alt="Wdqs-proxy"
              className="tool--card--img"
              src="Tool3.png"
            />
          </div>
          <div
            className="search-results-content"
          >
            <h3>
              Wdqs-proxy
            </h3>
            <p>
              A tool for creating and editing Wdqs-proxy files
            </p>
            <p>
              https://wdqs-proxy.toolforge.org/
            </p>
            <p>
              Design
            </p>
          </div>
        </div>
      </div>
      <div
        className="search--results--container"
      >
        <div
          className="search--results--card"
        >
          <div
            className="tool--card--img--container"
          >
            <img
              alt="Wrdz"
              className="tool--card--img"
              src="Tool3.png"
            />
          </div>
          <div
            className="search-results-content"
          >
            <h3>
              Wrdz
            </h3>
            <p>
              A tool for creating and editing Wrdz files
            </p>
            <p>
              https://wrdz.toolforge.org/
            </p>
            <p>
              Design
            </p>
          </div>
        </div>
      </div>
      <div
        className="search--results--container"
      >
        <div
          className="search--results--card"
        >
          <div
            className="tool--card--img--container"
          >
            <img
              alt="Wikidata Query Service"
              className="tool--card--img"
              src="Tool3.png"
            />
          </div>
          <div
            className="search-results-content"
          >
            <h3>
              Wikidata Query Service
            </h3>
            <p>
              A tool for creating and editing Wikidata Query Service files
            </p>
            <p>
              https://query.wikidata.org/
            </p>
            <p>
              Design
            </p>
          </div>
        </div>
      </div>
      <div
        className="search--results--container"
      >
        <div
          className="search--results--card"
        >
          <div
            className="tool--card--img--container"
          >
            <img
              alt="Molecular Design Toolkit"
              className="tool--card--img"
              src="Tool3.png"
            />
          </div>
          <div
            className="search-results-content"
          >
            <h3>
              Molecular Design Toolkit
            </h3>
            <p>
              A tool for creating and editing Molecular Design Toolkit files
            </p>
            <p>
              https://molecular-design-toolkit.org/
            </p>
            <p>
              Design
            </p>
          </div>
        </div>
      </div>
      <div
        className="search--results--container"
      >
        <div
          className="search--results--card"
        >
          <div
            className="tool--card--img--container"
          >
            <img
              alt="D3"
              className="tool--card--img"
              src="Tool3.png"
            />
          </div>
          <div
            className="search-results-content"
          >
            <h3>
              D3
            </h3>
            <p>
              A tool for creating and editing D3 files
            </p>
            <p>
              https://d3js.org/
            </p>
            <p>
              Design
            </p>
          </div>
        </div>
      </div>
      <div
        className="search--results--container"
      >
        <div
          className="search--results--card"
        >
          <div
            className="tool--card--img--container"
          >
            <img
              alt="D3.js"
              className="tool--card--img"
              src="Tool3.png"
            />
          </div>
          <div
            className="search-results-content"
          >
            <h3>
              D3.js
            </h3>
            <p>
              A tool for creating and editing D3.js files
            </p>
            <p>
              https://d3js.org/
            </p>
            <p>
              Design
            </p>
          </div>
        </div>
      </div>
      <div
        className="search--results--container"
      >
        <div
          className="search--results--card"
        >
          <div
            className="tool--card--img--container"
          >
            <img
              alt="D5.js"
              className="tool--card--img"
              src="Tool3.png"
            />
          </div>
          <div
            className="search-results-content"
          >
            <h3>
              D5.js
            </h3>
            <p>
              A tool for creating and editing D3.js files
            </p>
            <p />
            <p />
          </div>
        </div>
      </div>
    </div>
  </div>
</div>
`;
